Archive member included because of file (symbol)

../../lib/libcircle.a(exceptionstub.o)
                              ../../lib/startup.o (VectorTable)
../../lib/libcircle.a(exceptionhandler.o)
                              ../../lib/libcircle.a(exceptionstub.o) (ExceptionHandler)
../../lib/libcircle.a(interrupt.o)
                              ../../lib/libcircle.a(exceptionstub.o) (InterruptHandler)
../../lib/libcircle.a(logger.o)
                              ../../lib/libcircle.a(exceptionhandler.o) (CLogger::Get())
../../lib/libcircle.a(new.o)  ../../lib/libcircle.a(logger.o) (operator new[](unsigned long))
../../lib/libcircle.a(string.o)
                              ../../lib/libcircle.a(logger.o) (CString::~CString())
../../lib/libcircle.a(synchronize.o)
                              ../../lib/libcircle.a(logger.o) (EnterCritical)
../../lib/libcircle.a(sysinit.o)
                              ../../lib/libcircle.a(logger.o) (halt)
../../lib/libcircle.a(timer.o)
                              ../../lib/libcircle.a(logger.o) (CTimer::GetTimeString())
../../lib/libcircle.a(util.o)
                              ../../lib/libcircle.a(logger.o) (strlen)
../../lib/libcircle.a(alloc.o)
                              ../../lib/libcircle.a(new.o) (malloc)
../../lib/libcircle.a(assert.o)
                              ../../lib/libcircle.a(exceptionhandler.o) (assertion_failed)
../../lib/libcircle.a(debug.o)
                              ../../lib/libcircle.a(exceptionhandler.o) (debug_stacktrace)
../../lib/libcircle.a(delayloop.o)
                              ../../lib/libcircle.a(timer.o) (DelayLoop)
../../lib/libcircle.a(ptrlist.o)
                              ../../lib/libcircle.a(timer.o) (CPtrList::CPtrList())

Discarded input sections

 .group         0x0000000000000000        0x8 ../../lib/libcircle.a(string.o)

Memory Configuration

Name             Origin             Length             Attributes
*default*        0x0000000000000000 0xffffffffffffffff

Linker script and memory map

                0x0000000000080000                . = 0x80000

.text           0x0000000000080000     0x4cac
 *(.text*)
 .text          0x0000000000080000       0xa0 ../../lib/startup.o
                0x0000000000080000                _start
 .text          0x00000000000800a0      0x430 main.o
                0x00000000000800a0                enable_mmu()
                0x00000000000800f8                memset(void*, int, unsigned long)
                0x0000000000080118                palloc()
                0x000000000008012c                CreateLevel3Table(unsigned long)
                0x000000000008033c                createLevel2Table()
                0x000000000008046c                initialize_memory()
 .text.startup  0x00000000000804d0      0x208 main.o
                0x00000000000804d0                main
 *fill*         0x00000000000806d8      0x128 
 .text          0x0000000000080800     0x1000 ../../lib/libcircle.a(exceptionstub.o)
                0x0000000000080800                VectorTable
                0x0000000000080f84                UnexpectedStub
                0x0000000000080fbc                SynchronousStub
                0x0000000000080ff4                SErrorStub
                0x000000000008102c                IRQStub
 .text          0x0000000000081800      0x1ac ../../lib/libcircle.a(exceptionhandler.o)
                0x0000000000081800                CExceptionHandler::CExceptionHandler()
                0x0000000000081800                CExceptionHandler::CExceptionHandler()
                0x0000000000081840                CExceptionHandler::~CExceptionHandler()
                0x0000000000081840                CExceptionHandler::~CExceptionHandler()
                0x000000000008184c                CExceptionHandler::Throw(unsigned long, TAbortFrame*)
                0x0000000000081948                CExceptionHandler::Get()
                0x0000000000081984                ExceptionHandler
 .text          0x00000000000819ac      0x460 ../../lib/libcircle.a(interrupt.o)
                0x00000000000819ac                CInterruptSystem::CInterruptSystem()
                0x00000000000819ac                CInterruptSystem::CInterruptSystem()
                0x00000000000819d4                CInterruptSystem::~CInterruptSystem()
                0x00000000000819d4                CInterruptSystem::~CInterruptSystem()
                0x00000000000819e0                CInterruptSystem::Initialize()
                0x0000000000081a20                CInterruptSystem::EnableIRQ(unsigned int)
                0x0000000000081ad0                CInterruptSystem::ConnectIRQ(unsigned int, void (*)(void*), void*)
                0x0000000000081b50                CInterruptSystem::DisableIRQ(unsigned int)
                0x0000000000081c00                CInterruptSystem::DisconnectIRQ(unsigned int)
                0x0000000000081c98                CInterruptSystem::Get()
                0x0000000000081cd4                CInterruptSystem::CallIRQHandler(unsigned int)
                0x0000000000081d4c                CInterruptSystem::InterruptHandler()
                0x0000000000081e08                InterruptHandler
 .text          0x0000000000081e0c      0x4e8 ../../lib/libcircle.a(logger.o)
                0x0000000000081e0c                CLogger::CLogger(unsigned int, CTimer*)
                0x0000000000081e0c                CLogger::CLogger(unsigned int, CTimer*)
                0x0000000000081e50                CLogger::~CLogger()
                0x0000000000081e50                CLogger::~CLogger()
                0x0000000000081e68                CLogger::Get()
                0x0000000000081e74                CLogger::Write(char const*)
                0x0000000000081f28                CLogger::Read(void*, unsigned int)
                0x0000000000082004                CLogger::WriteV(char const*, TLogSeverity, char const*, std::__va_list)
                0x0000000000082250                CLogger::Write(char const*, TLogSeverity, char const*, ...)
                0x00000000000822c8                CLogger::Initialize(CDevice*)
 .text          0x00000000000822f4       0x10 ../../lib/libcircle.a(new.o)
                0x00000000000822f4                operator new(unsigned long)
                0x00000000000822f8                operator new[](unsigned long)
                0x00000000000822fc                operator delete(void*)
                0x0000000000082300                operator delete[](void*)
 *fill*         0x0000000000082304        0x4 
 .text          0x0000000000082308      0xa20 ../../lib/libcircle.a(string.o)
                0x0000000000082308                CString::~CString()
                0x0000000000082308                CString::~CString()
                0x0000000000082330                CString::~CString()
                0x0000000000082400                CString::CString()
                0x0000000000082400                CString::CString()
                0x0000000000082420                CString::CString(char const*)
                0x0000000000082420                CString::CString(char const*)
                0x0000000000082470                CString::operator char const*() const
                0x0000000000082488                CString::operator=(char const*)
                0x00000000000824d8                CString::GetLength() const
                0x00000000000824ec                CString::Append(char const*)
                0x000000000008259c                CString::Compare(char const*) const
                0x00000000000825a4                CString::Find(char) const
                0x00000000000825e8                CString::PutChar(char, unsigned long)
                0x0000000000082650                CString::PutString(char const*)
                0x00000000000826ac                CString::ReserveSpace(unsigned long)
                0x00000000000826b8                CString::ntoa(char*, unsigned long, unsigned int, int)
                0x000000000008273c                CString::FormatV(char const*, std::__va_list)
                0x0000000000082ca0                CString::Format(char const*, ...)
 .text          0x0000000000082d28      0x3d8 ../../lib/libcircle.a(synchronize.o)
                0x0000000000082d28                EnterCritical
                0x0000000000082d5c                LeaveCritical
                0x0000000000082db0                InvalidateDataCache
                0x0000000000082ef4                InvalidateDataCacheL1Only
                0x0000000000082f2c                CleanDataCache
                0x0000000000083070                InvalidateDataCacheRange
                0x00000000000830a0                CleanDataCacheRange
                0x00000000000830d0                CleanAndInvalidateDataCacheRange
 .text          0x0000000000083100       0xcc ../../lib/libcircle.a(sysinit.o)
                0x0000000000083100                __cxa_atexit
                0x0000000000083104                halt
                0x0000000000083118                reboot
                0x0000000000083144                sysinit
 .text          0x00000000000831cc      0xbe8 ../../lib/libcircle.a(timer.o)
                0x00000000000831cc                CTimer::CTimer(CInterruptSystem*)
                0x00000000000831cc                CTimer::CTimer(CInterruptSystem*)
                0x0000000000083244                CTimer::~CTimer()
                0x0000000000083244                CTimer::~CTimer()
                0x0000000000083330                CTimer::SetTime(unsigned int)
                0x0000000000083374                CTimer::GetClockTicks() const
                0x0000000000083384                CTimer::GetTicks() const
                0x000000000008338c                CTimer::GetUptime() const
                0x0000000000083394                CTimer::GetTime() const
                0x000000000008339c                CTimer::GetTimeString()
                0x00000000000835f0                CTimer::StartKernelTimer(unsigned int, void (*)(unsigned long, void*, void*), void*, void*)
                0x0000000000083760                CTimer::CancelKernelTimer(unsigned long)
                0x0000000000083828                CTimer::PollKernelTimers()
                0x00000000000839a8                CTimer::InterruptHandler()
                0x0000000000083adc                CTimer::InterruptHandler(void*)
                0x0000000000083b18                CTimer::MsDelay(unsigned int)
                0x0000000000083b2c                CTimer::usDelay(unsigned int)
                0x0000000000083b40                CTimer::TuneMsDelay()
                0x0000000000083be4                CTimer::Initialize()
                0x0000000000083c68                CTimer::SimpleMsDelay(unsigned int)
                0x0000000000083ca0                CTimer::SimpleusDelay(unsigned int)
                0x0000000000083cc8                CTimer::IsLeapYear(unsigned int)
                0x0000000000083d10                CTimer::GetDaysOfMonth(unsigned int, unsigned int)
                0x0000000000083d78                CTimer::Get()
 .text          0x0000000000083db4      0x29c ../../lib/libcircle.a(util.o)
                0x0000000000083db4                memset
                0x0000000000083dd4                memcpy
                0x0000000000083df4                memcmp
                0x0000000000083e58                strlen
                0x0000000000083e80                strcmp
                0x0000000000083ed8                strcpy
                0x0000000000083ef8                strncpy
                0x0000000000083f40                strcat
                0x0000000000083f78                strchr
                0x0000000000083fa4                strtok_r
 .text          0x0000000000084050      0x430 ../../lib/libcircle.a(alloc.o)
                0x0000000000084050                mem_init
                0x0000000000084094                mem_get_size
                0x00000000000840bc                malloc
                0x0000000000084248                free
                0x0000000000084320                palloc
                0x000000000008440c                pfree
 .text.startup  0x0000000000084480       0x18 ../../lib/libcircle.a(alloc.o)
 .text          0x0000000000084498       0x94 ../../lib/libcircle.a(assert.o)
                0x0000000000084498                assertion_failed
 .text          0x000000000008452c      0x1b0 ../../lib/libcircle.a(debug.o)
                0x000000000008452c                debug_hexdump
                0x000000000008463c                debug_stacktrace
 *fill*         0x00000000000846dc       0x24 
 .text          0x0000000000084700       0x40 ../../lib/libcircle.a(delayloop.o)
                0x0000000000084700                DelayLoop
 .text          0x0000000000084740      0x56c ../../lib/libcircle.a(ptrlist.o)
                0x0000000000084740                CPtrList::CPtrList()
                0x0000000000084740                CPtrList::CPtrList()
                0x0000000000084748                CPtrList::~CPtrList()
                0x0000000000084748                CPtrList::~CPtrList()
                0x000000000008476c                CPtrList::GetFirst()
                0x0000000000084774                CPtrList::GetNext(TPtrListElement*)
                0x00000000000847e0                CPtrList::GetPtr(TPtrListElement*)
                0x000000000008484c                CPtrList::InsertBefore(TPtrListElement*, void*)
                0x000000000008497c                CPtrList::InsertAfter(TPtrListElement*, void*)
                0x0000000000084a9c                CPtrList::Remove(TPtrListElement*)
                0x0000000000084c10                CPtrList::Find(void*)
                0x0000000000084cac                _etext = .

.iplt           0x0000000000084cac        0x0
 .iplt          0x0000000000000000        0x0 ../../lib/startup.o

.rodata         0x0000000000084cb0      0x718
 *(.rodata*)
 .rodata        0x0000000000084cb0        0x8 ../../lib/libcircle.a(exceptionhandler.o)
 .rodata.str1.8
                0x0000000000084cb8       0xd5 ../../lib/libcircle.a(exceptionhandler.o)
                                         0xd8 (size before relaxing)
 *fill*         0x0000000000084d8d        0x3 
 .rodata.str1.8
                0x0000000000084d90       0x62 ../../lib/libcircle.a(interrupt.o)
                                         0x78 (size before relaxing)
 *fill*         0x0000000000084df2        0x6 
 .rodata.str1.8
                0x0000000000084df8       0x3f ../../lib/libcircle.a(logger.o)
                                         0x40 (size before relaxing)
 *fill*         0x0000000000084e37        0x1 
 .rodata        0x0000000000084e38       0x68 ../../lib/libcircle.a(string.o)
 .rodata._ZTV7CString
                0x0000000000084ea0       0x20 ../../lib/libcircle.a(string.o)
                0x0000000000084ea0                vtable for CString
 .rodata.str1.8
                0x0000000000000000       0x3f ../../lib/libcircle.a(string.o)
                                          0x8 (size before relaxing)
 .rodata.str1.8
                0x0000000000084ec0       0x25 ../../lib/libcircle.a(synchronize.o)
                                         0x28 (size before relaxing)
 *fill*         0x0000000000084ee5        0x3 
 .rodata        0x0000000000084ee8       0x38 ../../lib/libcircle.a(timer.o)
                0x0000000000084ee8                CTimer::s_nDaysOfMonth
 .rodata.str1.8
                0x0000000000084f20      0x18c ../../lib/libcircle.a(timer.o)
                                        0x1b0 (size before relaxing)
 *fill*         0x00000000000850ac        0x4 
 .rodata.str1.8
                0x00000000000850b0       0xbc ../../lib/libcircle.a(alloc.o)
                                         0xc0 (size before relaxing)
 *fill*         0x000000000008516c        0x4 
 .rodata.str1.8
                0x0000000000085170       0x1d ../../lib/libcircle.a(assert.o)
                                         0x20 (size before relaxing)
 *fill*         0x000000000008518d        0x3 
 .rodata        0x0000000000085190        0x8 ../../lib/libcircle.a(debug.o)
 .rodata.str1.8
                0x0000000000085198       0x93 ../../lib/libcircle.a(debug.o)
                                         0x98 (size before relaxing)
 *fill*         0x000000000008522b        0x5 
 .rodata.str1.8
                0x0000000000085230      0x198 ../../lib/libcircle.a(ptrlist.o)
                0x00000000000853c8                __init_start = .

.rela.dyn       0x00000000000853c8        0x0
 .rela.iplt     0x0000000000000000        0x0 ../../lib/startup.o

.init_array     0x00000000000853c8        0x8
 *(.init_array*)
 .init_array    0x00000000000853c8        0x8 ../../lib/libcircle.a(alloc.o)
                0x00000000000853d0                __init_end = .

.data           0x00000000000853d0       0xf0
 *(.data*)
 .data          0x00000000000853d0        0x0 ../../lib/startup.o
 .data          0x00000000000853d0        0x8 main.o
 .data          0x00000000000853d8        0x0 ../../lib/libcircle.a(exceptionstub.o)
 .data          0x00000000000853d8       0x18 ../../lib/libcircle.a(exceptionhandler.o)
                0x00000000000853d8                CExceptionHandler::s_pExceptionName
 .data          0x00000000000853f0        0x0 ../../lib/libcircle.a(interrupt.o)
 .data          0x00000000000853f0        0x0 ../../lib/libcircle.a(logger.o)
 .data          0x00000000000853f0        0x0 ../../lib/libcircle.a(new.o)
 .data          0x00000000000853f0        0x0 ../../lib/libcircle.a(string.o)
 .data          0x00000000000853f0        0x0 ../../lib/libcircle.a(synchronize.o)
 .data          0x00000000000853f0        0x0 ../../lib/libcircle.a(sysinit.o)
 .data          0x00000000000853f0       0x60 ../../lib/libcircle.a(timer.o)
                0x00000000000853f0                CTimer::s_pMonthName
 .data          0x0000000000085450        0x0 ../../lib/libcircle.a(util.o)
 .data          0x0000000000085450       0x70 ../../lib/libcircle.a(alloc.o)
 .data          0x00000000000854c0        0x0 ../../lib/libcircle.a(assert.o)
 .data          0x00000000000854c0        0x0 ../../lib/libcircle.a(debug.o)
 .data          0x00000000000854c0        0x0 ../../lib/libcircle.a(delayloop.o)
 .data          0x00000000000854c0        0x0 ../../lib/libcircle.a(ptrlist.o)
                0x00000000000854c0                __bss_start = .

.igot.plt       0x00000000000854c0        0x0
 .igot.plt      0x0000000000000000        0x0 ../../lib/startup.o

.bss            0x00000000000854c0       0x78
 *(.bss*)
 .bss           0x00000000000854c0        0x0 ../../lib/startup.o
 .bss           0x00000000000854c0       0x10 main.o
                0x00000000000854c0                m_pTable
                0x00000000000854c8                m_nMemSize
 .bss           0x00000000000854d0        0x0 ../../lib/libcircle.a(exceptionstub.o)
 .bss           0x00000000000854d0        0x8 ../../lib/libcircle.a(exceptionhandler.o)
                0x00000000000854d0                CExceptionHandler::s_pThis
 .bss           0x00000000000854d8        0x8 ../../lib/libcircle.a(interrupt.o)
                0x00000000000854d8                CInterruptSystem::s_pThis
 .bss           0x00000000000854e0        0x8 ../../lib/libcircle.a(logger.o)
                0x00000000000854e0                CLogger::s_pThis
 .bss           0x00000000000854e8        0x0 ../../lib/libcircle.a(new.o)
 .bss           0x00000000000854e8        0x0 ../../lib/libcircle.a(string.o)
 .bss           0x00000000000854e8        0x8 ../../lib/libcircle.a(synchronize.o)
 .bss           0x00000000000854f0        0x8 ../../lib/libcircle.a(sysinit.o)
                0x00000000000854f0                __dso_handle
 .bss           0x00000000000854f8        0x8 ../../lib/libcircle.a(timer.o)
                0x00000000000854f8                CTimer::s_pThis
 .bss           0x0000000000085500        0x0 ../../lib/libcircle.a(util.o)
 .bss           0x0000000000085500       0x38 ../../lib/libcircle.a(alloc.o)
 .bss           0x0000000000085538        0x0 ../../lib/libcircle.a(assert.o)
 .bss           0x0000000000085538        0x0 ../../lib/libcircle.a(debug.o)
 .bss           0x0000000000085538        0x0 ../../lib/libcircle.a(delayloop.o)
 .bss           0x0000000000085538        0x0 ../../lib/libcircle.a(ptrlist.o)
                0x0000000000085538                _end = .
LOAD ../../lib/startup.o
LOAD main.o
LOAD ../../lib/libcircle.a
OUTPUT(kernel8.elf elf64-littleaarch64)

.comment        0x0000000000000000       0x3a
 .comment       0x0000000000000000       0x3a main.o
                                         0x3b (size before relaxing)
 .comment       0x0000000000000000       0x3b ../../lib/libcircle.a(exceptionhandler.o)
 .comment       0x0000000000000000       0x3b ../../lib/libcircle.a(interrupt.o)
 .comment       0x0000000000000000       0x3b ../../lib/libcircle.a(logger.o)
 .comment       0x0000000000000000       0x3b ../../lib/libcircle.a(new.o)
 .comment       0x0000000000000000       0x3b ../../lib/libcircle.a(string.o)
 .comment       0x0000000000000000       0x3b ../../lib/libcircle.a(synchronize.o)
 .comment       0x0000000000000000       0x3b ../../lib/libcircle.a(sysinit.o)
 .comment       0x0000000000000000       0x3b ../../lib/libcircle.a(timer.o)
 .comment       0x0000000000000000       0x3b ../../lib/libcircle.a(util.o)
 .comment       0x0000000000000000       0x3b ../../lib/libcircle.a(alloc.o)
 .comment       0x0000000000000000       0x3b ../../lib/libcircle.a(assert.o)
 .comment       0x0000000000000000       0x3b ../../lib/libcircle.a(debug.o)
 .comment       0x0000000000000000       0x3b ../../lib/libcircle.a(ptrlist.o)

.note.GNU-stack
                0x0000000000000000        0x0
 .note.GNU-stack
                0x0000000000000000        0x0 main.o
 .note.GNU-stack
                0x0000000000000000        0x0 ../../lib/libcircle.a(exceptionhandler.o)
 .note.GNU-stack
                0x0000000000000000        0x0 ../../lib/libcircle.a(interrupt.o)
 .note.GNU-stack
                0x0000000000000000        0x0 ../../lib/libcircle.a(logger.o)
 .note.GNU-stack
                0x0000000000000000        0x0 ../../lib/libcircle.a(new.o)
 .note.GNU-stack
                0x0000000000000000        0x0 ../../lib/libcircle.a(string.o)
 .note.GNU-stack
                0x0000000000000000        0x0 ../../lib/libcircle.a(synchronize.o)
 .note.GNU-stack
                0x0000000000000000        0x0 ../../lib/libcircle.a(sysinit.o)
 .note.GNU-stack
                0x0000000000000000        0x0 ../../lib/libcircle.a(timer.o)
 .note.GNU-stack
                0x0000000000000000        0x0 ../../lib/libcircle.a(util.o)
 .note.GNU-stack
                0x0000000000000000        0x0 ../../lib/libcircle.a(alloc.o)
 .note.GNU-stack
                0x0000000000000000        0x0 ../../lib/libcircle.a(assert.o)
 .note.GNU-stack
                0x0000000000000000        0x0 ../../lib/libcircle.a(debug.o)
 .note.GNU-stack
                0x0000000000000000        0x0 ../../lib/libcircle.a(ptrlist.o)
