Archive member included because of file (symbol)

../../lib/libcircle.a(exceptionstub.o)
                              ../../lib/startup.o (VectorTable)
../../lib/libcircle.a(exceptionhandler.o)
                              ../../lib/libcircle.a(exceptionstub.o) (ExceptionHandler)
../../lib/libcircle.a(sysinit.o)
                              ../../lib/startup.o (sysinit)

Memory Configuration

Name             Origin             Length             Attributes
*default*        0x0000000000000000 0xffffffffffffffff

Linker script and memory map

                0x0000000000080000                . = 0x80000

.text           0x0000000000080000     0x18fc
 *(.text*)
 .text          0x0000000000080000       0xa0 ../../lib/startup.o
                0x0000000000080000                _start
 .text          0x00000000000800a0      0x430 main.o
                0x00000000000800a0                enable_mmu()
                0x00000000000800f8                memset(void*, int, unsigned long)
                0x0000000000080118                palloc()
                0x000000000008012c                CreateLevel3Table(unsigned long)
                0x000000000008033c                createLevel2Table()
                0x000000000008046c                initialize_memory()
 .text.startup  0x00000000000804d0      0x208 main.o
                0x00000000000804d0                main
 *fill*         0x00000000000806d8      0x128 
 .text          0x0000000000080800     0x1000 ../../lib/libcircle.a(exceptionstub.o)
                0x0000000000080800                VectorTable
                0x0000000000080f84                UnexpectedStub
                0x0000000000080fbc                SynchronousStub
                0x0000000000080ff4                SErrorStub
                0x000000000008102c                IRQStub
 .text          0x0000000000081800       0x30 ../../lib/libcircle.a(exceptionhandler.o)
                0x0000000000081800                CExceptionHandler::CExceptionHandler()
                0x0000000000081800                CExceptionHandler::CExceptionHandler()
                0x000000000008180c                CExceptionHandler::~CExceptionHandler()
                0x000000000008180c                CExceptionHandler::~CExceptionHandler()
                0x0000000000081818                CExceptionHandler::Throw(unsigned long, TAbortFrame*)
                0x000000000008181c                CExceptionHandler::Get()
                0x0000000000081828                ExceptionHandler
                0x000000000008182c                InterruptHandler
 .text          0x0000000000081830       0xcc ../../lib/libcircle.a(sysinit.o)
                0x0000000000081830                __cxa_atexit
                0x0000000000081834                halt
                0x0000000000081848                reboot
                0x0000000000081874                sysinit
                0x00000000000818fc                _etext = .

.iplt           0x00000000000818fc        0x0
 .iplt          0x0000000000000000        0x0 ../../lib/startup.o

.rodata         0x0000000000081900       0x40
 *(.rodata*)
 .rodata.str1.8
                0x0000000000081900       0x40 ../../lib/libcircle.a(exceptionhandler.o)
                0x0000000000081940                __init_start = .

.rela.dyn       0x0000000000081940        0x0
 .rela.iplt     0x0000000000000000        0x0 ../../lib/startup.o

.init_array
 *(.init_array*)
                0x0000000000081940                __init_end = .

.data           0x0000000000081940       0x20
 *(.data*)
 .data          0x0000000000081940        0x0 ../../lib/startup.o
 .data          0x0000000000081940        0x8 main.o
 .data          0x0000000000081948        0x0 ../../lib/libcircle.a(exceptionstub.o)
 .data          0x0000000000081948       0x18 ../../lib/libcircle.a(exceptionhandler.o)
                0x0000000000081948                CExceptionHandler::s_pExceptionName
 .data          0x0000000000081960        0x0 ../../lib/libcircle.a(sysinit.o)
                0x0000000000081960                __bss_start = .

.igot.plt       0x0000000000081960        0x0
 .igot.plt      0x0000000000000000        0x0 ../../lib/startup.o

.bss            0x0000000000081960       0x20
 *(.bss*)
 .bss           0x0000000000081960        0x0 ../../lib/startup.o
 .bss           0x0000000000081960       0x10 main.o
                0x0000000000081960                m_pTable
                0x0000000000081968                m_nMemSize
 .bss           0x0000000000081970        0x0 ../../lib/libcircle.a(exceptionstub.o)
 .bss           0x0000000000081970        0x8 ../../lib/libcircle.a(exceptionhandler.o)
                0x0000000000081970                CExceptionHandler::s_pThis
 .bss           0x0000000000081978        0x8 ../../lib/libcircle.a(sysinit.o)
                0x0000000000081978                __dso_handle
                0x0000000000081980                _end = .
LOAD ../../lib/startup.o
LOAD main.o
LOAD ../../lib/libcircle.a
OUTPUT(kernel8.elf elf64-littleaarch64)

.comment        0x0000000000000000       0x3a
 .comment       0x0000000000000000       0x3a main.o
                                         0x3b (size before relaxing)
 .comment       0x0000000000000000       0x3b ../../lib/libcircle.a(exceptionhandler.o)
 .comment       0x0000000000000000       0x3b ../../lib/libcircle.a(sysinit.o)

.note.GNU-stack
                0x0000000000000000        0x0
 .note.GNU-stack
                0x0000000000000000        0x0 main.o
 .note.GNU-stack
                0x0000000000000000        0x0 ../../lib/libcircle.a(exceptionhandler.o)
 .note.GNU-stack
                0x0000000000000000        0x0 ../../lib/libcircle.a(sysinit.o)
