
Memory Configuration

Name             Origin             Length             Attributes
*default*        0x0000000000000000 0xffffffffffffffff

Linker script and memory map

                0x0000000000080000                . = 0x80000

.text           0x0000000000080000     0x16ac
 *(.text*)
 .text          0x0000000000080000     0x1000 startup.o
                0x0000000000080000                _start
                0x0000000000080800                VectorTable
                0x0000000000080840                exception_handler
                0x0000000000080844                interrupt_handler
 .text          0x0000000000081000      0x430 main.o
                0x0000000000081000                enable_mmu()
                0x0000000000081058                memset(void*, int, unsigned long)
                0x0000000000081078                palloc()
                0x000000000008108c                CreateLevel3Table(unsigned long)
                0x000000000008129c                createLevel2Table()
                0x00000000000813cc                initialize_memory()
 .text.startup  0x0000000000081430      0x27c main.o
                0x0000000000081430                main
                0x00000000000816ac                _etext = .

.iplt           0x00000000000816ac        0x0
 .iplt          0x0000000000000000        0x0 startup.o

.rela.dyn       0x00000000000816b0        0x0
 .rela.iplt     0x0000000000000000        0x0 startup.o

.rodata
 *(.rodata*)
                0x00000000000816b0                __init_start = .

.init_array
 *(.init_array*)
                0x00000000000816b0                __init_end = .

.data           0x00000000000816b0        0x8
 *(.data*)
 .data          0x00000000000816b0        0x0 startup.o
 .data          0x00000000000816b0        0x8 main.o
                0x00000000000816b8                __bss_start = .

.igot.plt       0x00000000000816b8        0x0
 .igot.plt      0x0000000000000000        0x0 startup.o

.bss            0x00000000000816b8       0x10
 *(.bss*)
 .bss           0x00000000000816b8        0x0 startup.o
 .bss           0x00000000000816b8       0x10 main.o
                0x00000000000816b8                m_pTable
                0x00000000000816c0                m_nMemSize
                0x00000000000816c8                _end = .
LOAD startup.o
LOAD main.o
OUTPUT(kernel8.elf elf64-littleaarch64)

.comment        0x0000000000000000       0x3a
 .comment       0x0000000000000000       0x3a main.o
                                         0x3b (size before relaxing)

.note.GNU-stack
                0x0000000000000000        0x0
 .note.GNU-stack
                0x0000000000000000        0x0 main.o
